
/home/runner/work/exp-energy-band-gap-iitk/exp-energy-band-gap-iitk/experiment/simulation/js/bootstrap.min.js
  6:71     warning  'exports' is not defined                                                   no-undef
  6:79     warning  'require' is not defined                                                   no-undef
  6:97     warning  'require' is not defined                                                   no-undef
  6:146    warning  'define' is not defined                                                    no-undef
  6:157    warning  'define' is not defined                                                    no-undef
  6:939    warning  Do not access Object.prototype method 'hasOwnProperty' from target object  no-prototype-builtins
  6:984    warning  Do not access Object.prototype method 'hasOwnProperty' from target object  no-prototype-builtins
  6:34608  warning  'e' is defined but never used                                              no-unused-vars

/home/runner/work/exp-energy-band-gap-iitk/exp-energy-band-gap-iitk/experiment/simulation/js/graph.ob.js
  1:745  warning  'b' is already defined  no-redeclare

/home/runner/work/exp-energy-band-gap-iitk/exp-energy-band-gap-iitk/experiment/simulation/js/graph_use.ob.js
  1:103  warning  'drawgraph' is defined but never used  no-unused-vars
  1:163  warning  'CanvasJS' is not defined              no-undef

/home/runner/work/exp-energy-band-gap-iitk/exp-energy-band-gap-iitk/experiment/simulation/js/graph_use2.ob.js
  1:100  warning  'drawgraph2' is defined but never used  no-unused-vars
  1:193  warning  'CanvasJS' is not defined               no-undef

/home/runner/work/exp-energy-band-gap-iitk/exp-energy-band-gap-iitk/experiment/simulation/js/javascript.js
    36:11  warning  'main' is defined but never used             no-unused-vars
    47:11  warning  'main2' is defined but never used            no-unused-vars
    51:10  warning  'cont' is defined but never used             no-unused-vars
    75:10  warning  'connect_wire' is defined but never used     no-unused-vars
    80:10  warning  'cl1' is defined but never used              no-unused-vars
    83:11  warning  'cl2' is defined but never used              no-unused-vars
    98:11  warning  'cl3' is defined but never used              no-unused-vars
   101:11  warning  'cl4' is defined but never used              no-unused-vars
   183:13  warning  'canvas' is not defined                      no-undef
   184:13  warning  'canvas' is not defined                      no-undef
   185:13  warning  'canvas' is not defined                      no-undef
   186:13  warning  'canvas' is not defined                      no-undef
   188:17  warning  'canvas' is not defined                      no-undef
   189:17  warning  'canvas' is not defined                      no-undef
   191:13  warning  'canvas' is not defined                      no-undef
   192:13  warning  'canvas' is not defined                      no-undef
   194:13  warning  'canvas' is not defined                      no-undef
   195:13  warning  'canvas' is not defined                      no-undef
   196:13  warning  'canvas' is not defined                      no-undef
   198:13  warning  'canvas' is not defined                      no-undef
   199:13  warning  'canvas' is not defined                      no-undef
   211:44  warning  Empty block statement                        no-empty
   213:16  warning  Empty block statement                        no-empty
   249:9   warning  'canvas' is not defined                      no-undef
   250:9   warning  'canvas' is not defined                      no-undef
   252:9   warning  'canvas' is not defined                      no-undef
   253:9   warning  'canvas' is not defined                      no-undef
   255:13  warning  'canvas' is not defined                      no-undef
   256:13  warning  'canvas' is not defined                      no-undef
   258:13  warning  'canvas' is not defined                      no-undef
   260:9   warning  'canvas' is not defined                      no-undef
   261:9   warning  'canvas' is not defined                      no-undef
   263:9   warning  'canvas' is not defined                      no-undef
   264:9   warning  'canvas' is not defined                      no-undef
   265:9   warning  'canvas' is not defined                      no-undef
   266:9   warning  'canvas' is not defined                      no-undef
   267:9   warning  'canvas' is not defined                      no-undef
   269:9   warning  'canvas' is not defined                      no-undef
   270:9   warning  'canvas' is not defined                      no-undef
   271:9   warning  'canvas' is not defined                      no-undef
   272:9   warning  'canvas' is not defined                      no-undef
   273:9   warning  'canvas' is not defined                      no-undef
   282:28  warning  'canvas' is not defined                      no-undef
   283:30  warning  'canvas' is not defined                      no-undef
   284:30  warning  'canvas' is not defined                      no-undef
   294:9   warning  'canvas' is not defined                      no-undef
   298:31  warning  'x' is defined but never used                no-unused-vars
   298:34  warning  'y' is defined but never used                no-unused-vars
   309:28  warning  'canvas' is not defined                      no-undef
   310:30  warning  'canvas' is not defined                      no-undef
   311:30  warning  'canvas' is not defined                      no-undef
   330:9   warning  'canvas' is not defined                      no-undef
   333:9   warning  'canvas' is not defined                      no-undef
   347:9   warning  'canvas' is not defined                      no-undef
   349:9   warning  'canvas' is not defined                      no-undef
   350:9   warning  'canvas' is not defined                      no-undef
   351:9   warning  'canvas' is not defined                      no-undef
   352:9   warning  'canvas' is not defined                      no-undef
   353:9   warning  'canvas' is not defined                      no-undef
   354:9   warning  'canvas' is not defined                      no-undef
   355:9   warning  'canvas' is not defined                      no-undef
   357:9   warning  'canvas' is not defined                      no-undef
   358:9   warning  'canvas' is not defined                      no-undef
   359:9   warning  'canvas' is not defined                      no-undef
   360:9   warning  'canvas' is not defined                      no-undef
   361:9   warning  'canvas' is not defined                      no-undef
   362:9   warning  'canvas' is not defined                      no-undef
   363:9   warning  'canvas' is not defined                      no-undef
   364:9   warning  'canvas' is not defined                      no-undef
   365:9   warning  'canvas' is not defined                      no-undef
   366:9   warning  'canvas' is not defined                      no-undef
   367:9   warning  'canvas' is not defined                      no-undef
   368:9   warning  'canvas' is not defined                      no-undef
   370:9   warning  'canvas' is not defined                      no-undef
   371:9   warning  'canvas' is not defined                      no-undef
   372:9   warning  'canvas' is not defined                      no-undef
   373:9   warning  'canvas' is not defined                      no-undef
   374:9   warning  'canvas' is not defined                      no-undef
   375:9   warning  'canvas' is not defined                      no-undef
   376:9   warning  'canvas' is not defined                      no-undef
   377:9   warning  'canvas' is not defined                      no-undef
   378:9   warning  'canvas' is not defined                      no-undef
   379:9   warning  'canvas' is not defined                      no-undef
   381:9   warning  'canvas' is not defined                      no-undef
   382:9   warning  'canvas' is not defined                      no-undef
   383:9   warning  'canvas' is not defined                      no-undef
   384:9   warning  'canvas' is not defined                      no-undef
   385:9   warning  'canvas' is not defined                      no-undef
   386:9   warning  'canvas' is not defined                      no-undef
   387:9   warning  'canvas' is not defined                      no-undef
   388:9   warning  'canvas' is not defined                      no-undef
   389:9   warning  'canvas' is not defined                      no-undef
   390:9   warning  'canvas' is not defined                      no-undef
   392:9   warning  'canvas' is not defined                      no-undef
   393:9   warning  'canvas' is not defined                      no-undef
   394:9   warning  'canvas' is not defined                      no-undef
   395:9   warning  'canvas' is not defined                      no-undef
   396:9   warning  'canvas' is not defined                      no-undef
   397:9   warning  'canvas' is not defined                      no-undef
   398:9   warning  'canvas' is not defined                      no-undef
   399:9   warning  'canvas' is not defined                      no-undef
   400:9   warning  'canvas' is not defined                      no-undef
   401:9   warning  'canvas' is not defined                      no-undef
   403:9   warning  'canvas' is not defined                      no-undef
   404:9   warning  'canvas' is not defined                      no-undef
   405:9   warning  'canvas' is not defined                      no-undef
   406:9   warning  'canvas' is not defined                      no-undef
   407:9   warning  'canvas' is not defined                      no-undef
   408:9   warning  'canvas' is not defined                      no-undef
   409:9   warning  'canvas' is not defined                      no-undef
   410:9   warning  'canvas' is not defined                      no-undef
   411:9   warning  'canvas' is not defined                      no-undef
   412:9   warning  'canvas' is not defined                      no-undef
   414:9   warning  'canvas' is not defined                      no-undef
   415:9   warning  'canvas' is not defined                      no-undef
   416:9   warning  'canvas' is not defined                      no-undef
   417:9   warning  'canvas' is not defined                      no-undef
   418:9   warning  'canvas' is not defined                      no-undef
   419:9   warning  'canvas' is not defined                      no-undef
   420:9   warning  'canvas' is not defined                      no-undef
   421:9   warning  'canvas' is not defined                      no-undef
   422:9   warning  'canvas' is not defined                      no-undef
   423:9   warning  'canvas' is not defined                      no-undef
   425:9   warning  'canvas' is not defined                      no-undef
   426:9   warning  'canvas' is not defined                      no-undef
   427:9   warning  'canvas' is not defined                      no-undef
   428:9   warning  'canvas' is not defined                      no-undef
   429:9   warning  'canvas' is not defined                      no-undef
   430:9   warning  'canvas' is not defined                      no-undef
   431:9   warning  'canvas' is not defined                      no-undef
   432:9   warning  'canvas' is not defined                      no-undef
   433:9   warning  'canvas' is not defined                      no-undef
   434:9   warning  'canvas' is not defined                      no-undef
   436:9   warning  'canvas' is not defined                      no-undef
   437:9   warning  'canvas' is not defined                      no-undef
   438:9   warning  'canvas' is not defined                      no-undef
   439:9   warning  'canvas' is not defined                      no-undef
   440:9   warning  'canvas' is not defined                      no-undef
   441:9   warning  'canvas' is not defined                      no-undef
   442:9   warning  'canvas' is not defined                      no-undef
   443:9   warning  'canvas' is not defined                      no-undef
   444:9   warning  'canvas' is not defined                      no-undef
   445:9   warning  'canvas' is not defined                      no-undef
   447:9   warning  'canvas' is not defined                      no-undef
   448:9   warning  'canvas' is not defined                      no-undef
   449:9   warning  'canvas' is not defined                      no-undef
   450:9   warning  'canvas' is not defined                      no-undef
   451:9   warning  'canvas' is not defined                      no-undef
   452:9   warning  'canvas' is not defined                      no-undef
   453:9   warning  'canvas' is not defined                      no-undef
   454:9   warning  'canvas' is not defined                      no-undef
   455:9   warning  'canvas' is not defined                      no-undef
   456:9   warning  'canvas' is not defined                      no-undef
   458:9   warning  'canvas' is not defined                      no-undef
   459:9   warning  'canvas' is not defined                      no-undef
   460:9   warning  'canvas' is not defined                      no-undef
   461:9   warning  'canvas' is not defined                      no-undef
   462:9   warning  'canvas' is not defined                      no-undef
   463:9   warning  'canvas' is not defined                      no-undef
   464:9   warning  'canvas' is not defined                      no-undef
   465:9   warning  'canvas' is not defined                      no-undef
   466:9   warning  'canvas' is not defined                      no-undef
   467:9   warning  'canvas' is not defined                      no-undef
   471:9   warning  'canvas' is not defined                      no-undef
   472:9   warning  'canvas' is not defined                      no-undef
   473:9   warning  'canvas' is not defined                      no-undef
   495:9   warning  'canvas' is not defined                      no-undef
   505:24  warning  'canvas' is not defined                      no-undef
   506:24  warning  'canvas' is not defined                      no-undef
   516:9   warning  'canvas' is not defined                      no-undef
   517:9   warning  'canvas' is not defined                      no-undef
   519:9   warning  'canvas' is not defined                      no-undef
   520:9   warning  'canvas' is not defined                      no-undef
   521:9   warning  'canvas' is not defined                      no-undef
   522:9   warning  'canvas' is not defined                      no-undef
   523:9   warning  'canvas' is not defined                      no-undef
   525:9   warning  'canvas' is not defined                      no-undef
   526:9   warning  'canvas' is not defined                      no-undef
   527:9   warning  'canvas' is not defined                      no-undef
   528:9   warning  'canvas' is not defined                      no-undef
   529:9   warning  'canvas' is not defined                      no-undef
   531:9   warning  'canvas' is not defined                      no-undef
   532:9   warning  'canvas' is not defined                      no-undef
   533:9   warning  'canvas' is not defined                      no-undef
   534:9   warning  'canvas' is not defined                      no-undef
   535:9   warning  'canvas' is not defined                      no-undef
   537:9   warning  'canvas' is not defined                      no-undef
   538:9   warning  'canvas' is not defined                      no-undef
   539:9   warning  'canvas' is not defined                      no-undef
   540:9   warning  'canvas' is not defined                      no-undef
   541:9   warning  'canvas' is not defined                      no-undef
   543:9   warning  'canvas' is not defined                      no-undef
   544:9   warning  'canvas' is not defined                      no-undef
   545:9   warning  'canvas' is not defined                      no-undef
   546:9   warning  'canvas' is not defined                      no-undef
   547:9   warning  'canvas' is not defined                      no-undef
   549:9   warning  'canvas' is not defined                      no-undef
   550:9   warning  'canvas' is not defined                      no-undef
   551:9   warning  'canvas' is not defined                      no-undef
   552:9   warning  'canvas' is not defined                      no-undef
   553:9   warning  'canvas' is not defined                      no-undef
   577:29  warning  'canvas' is not defined                      no-undef
   578:29  warning  'canvas' is not defined                      no-undef
   581:14  warning  'canvas' is not defined                      no-undef
   582:14  warning  'canvas' is not defined                      no-undef
   583:14  warning  'canvas' is not defined                      no-undef
   584:14  warning  'canvas' is not defined                      no-undef
   585:14  warning  'canvas' is not defined                      no-undef
   586:14  warning  'canvas' is not defined                      no-undef
   588:14  warning  'canvas' is not defined                      no-undef
   589:14  warning  'canvas' is not defined                      no-undef
   590:14  warning  'canvas' is not defined                      no-undef
   591:14  warning  'canvas' is not defined                      no-undef
   592:14  warning  'canvas' is not defined                      no-undef
   593:14  warning  'canvas' is not defined                      no-undef
   595:14  warning  'canvas' is not defined                      no-undef
   596:14  warning  'canvas' is not defined                      no-undef
   597:14  warning  'canvas' is not defined                      no-undef
   598:14  warning  'canvas' is not defined                      no-undef
   599:14  warning  'canvas' is not defined                      no-undef
   600:14  warning  'canvas' is not defined                      no-undef
   602:14  warning  'canvas' is not defined                      no-undef
   603:14  warning  'canvas' is not defined                      no-undef
   604:14  warning  'canvas' is not defined                      no-undef
   605:14  warning  'canvas' is not defined                      no-undef
   606:14  warning  'canvas' is not defined                      no-undef
   607:14  warning  'canvas' is not defined                      no-undef
   609:14  warning  'canvas' is not defined                      no-undef
   610:14  warning  'canvas' is not defined                      no-undef
   611:14  warning  'canvas' is not defined                      no-undef
   612:14  warning  'canvas' is not defined                      no-undef
   613:14  warning  'canvas' is not defined                      no-undef
   614:14  warning  'canvas' is not defined                      no-undef
   616:14  warning  'canvas' is not defined                      no-undef
   617:14  warning  'canvas' is not defined                      no-undef
   618:14  warning  'canvas' is not defined                      no-undef
   619:14  warning  'canvas' is not defined                      no-undef
   620:14  warning  'canvas' is not defined                      no-undef
   621:14  warning  'canvas' is not defined                      no-undef
   652:24  warning  'canvas' is not defined                      no-undef
   653:24  warning  'canvas' is not defined                      no-undef
   658:9   warning  'canvas' is not defined                      no-undef
   659:9   warning  'canvas' is not defined                      no-undef
   660:9   warning  'canvas' is not defined                      no-undef
   661:9   warning  'canvas' is not defined                      no-undef
   662:9   warning  'canvas' is not defined                      no-undef
   663:9   warning  'canvas' is not defined                      no-undef
   665:9   warning  'canvas' is not defined                      no-undef
   666:9   warning  'canvas' is not defined                      no-undef
   667:9   warning  'canvas' is not defined                      no-undef
   668:9   warning  'canvas' is not defined                      no-undef
   669:9   warning  'canvas' is not defined                      no-undef
   670:9   warning  'canvas' is not defined                      no-undef
   672:9   warning  'canvas' is not defined                      no-undef
   673:9   warning  'canvas' is not defined                      no-undef
   674:9   warning  'canvas' is not defined                      no-undef
   675:9   warning  'canvas' is not defined                      no-undef
   676:9   warning  'canvas' is not defined                      no-undef
   677:9   warning  'canvas' is not defined                      no-undef
   679:9   warning  'canvas' is not defined                      no-undef
   680:9   warning  'canvas' is not defined                      no-undef
   681:9   warning  'canvas' is not defined                      no-undef
   709:24  warning  'canvas' is not defined                      no-undef
   710:24  warning  'canvas' is not defined                      no-undef
   711:24  warning  'canvas' is not defined                      no-undef
   720:9   warning  'canvas' is not defined                      no-undef
   721:13  warning  'canvas' is not defined                      no-undef
   722:13  warning  'canvas' is not defined                      no-undef
   723:13  warning  'canvas' is not defined                      no-undef
   724:13  warning  'canvas' is not defined                      no-undef
   725:13  warning  'canvas' is not defined                      no-undef
   727:9   warning  'canvas' is not defined                      no-undef
   728:13  warning  'canvas' is not defined                      no-undef
   729:13  warning  'canvas' is not defined                      no-undef
   730:13  warning  'canvas' is not defined                      no-undef
   731:13  warning  'canvas' is not defined                      no-undef
   732:13  warning  'canvas' is not defined                      no-undef
   734:9   warning  'canvas' is not defined                      no-undef
   735:9   warning  'canvas' is not defined                      no-undef
   736:9   warning  'canvas' is not defined                      no-undef
   737:9   warning  'canvas' is not defined                      no-undef
   738:9   warning  'canvas' is not defined                      no-undef
   739:9   warning  'canvas' is not defined                      no-undef
   741:9   warning  'canvas' is not defined                      no-undef
   742:13  warning  'canvas' is not defined                      no-undef
   743:13  warning  'canvas' is not defined                      no-undef
   766:24  warning  'canvas' is not defined                      no-undef
   767:24  warning  'canvas' is not defined                      no-undef
   769:9   warning  'canvas' is not defined                      no-undef
   770:9   warning  'canvas' is not defined                      no-undef
   771:9   warning  'canvas' is not defined                      no-undef
   772:9   warning  'canvas' is not defined                      no-undef
   773:9   warning  'canvas' is not defined                      no-undef
   774:9   warning  'canvas' is not defined                      no-undef
   786:34  warning  Empty block statement                        no-empty
   795:5   warning  'Canvas' is assigned a value but never used  no-unused-vars
   801:19  warning  'h' is not defined                           no-undef
   822:38  warning  'canvas' is not defined                      no-undef
   822:52  warning  'canvas' is not defined                      no-undef
   852:9   warning  'terminal' is not defined                    no-undef
   855:13  warning  'canvas' is not defined                      no-undef
   856:17  warning  'canvas' is not defined                      no-undef
   856:39  warning  'canvas' is not defined                      no-undef
   858:17  warning  'canvas' is not defined                      no-undef
   859:17  warning  'terminal' is not defined                    no-undef
   864:13  warning  'canvas' is not defined                      no-undef
   865:13  warning  'canvas' is not defined                      no-undef
   865:33  warning  'canvas' is not defined                      no-undef
   867:13  warning  'canvas' is not defined                      no-undef
   868:13  warning  'terminal' is not defined                    no-undef
   872:29  warning  'buttons' is not defined                     no-undef
   873:31  warning  'buttons' is not defined                     no-undef
   881:9   warning  'terminal' is not defined                    no-undef
   885:29  warning  'buttons' is not defined                     no-undef
   886:31  warning  'buttons' is not defined                     no-undef
   894:9   warning  'terminal' is not defined                    no-undef
   919:25  warning  'canvas' is not defined                      no-undef
   920:48  warning  'canvas' is not defined                      no-undef
   959:5   warning  'canvas' is not defined                      no-undef
   983:25  warning  'buttons' is not defined                     no-undef
   984:9   warning  'buttons' is not defined                     no-undef
   989:21  warning  'canvas' is not defined                      no-undef
   992:21  warning  'canvas' is not defined                      no-undef
   995:21  warning  'canvas' is not defined                      no-undef
   998:21  warning  'canvas' is not defined                      no-undef
  1001:21  warning  'canvas' is not defined                      no-undef
  1004:21  warning  'canvas' is not defined                      no-undef
  1007:21  warning  'canvas' is not defined                      no-undef
  1010:21  warning  'canvas' is not defined                      no-undef
  1013:21  warning  'canvas' is not defined                      no-undef
  1016:21  warning  'canvas' is not defined                      no-undef
  1019:21  warning  'canvas' is not defined                      no-undef
  1022:21  warning  'canvas' is not defined                      no-undef
  1025:21  warning  'canvas' is not defined                      no-undef
  1028:21  warning  'canvas' is not defined                      no-undef
  1039:17  warning  'canvas' is not defined                      no-undef
  1042:17  warning  'canvas' is not defined                      no-undef
  1054:13  warning  'canvas' is not defined                      no-undef
  1057:17  warning  'terminal' is not defined                    no-undef
  1059:42  warning  'canvas' is not defined                      no-undef
  1065:21  warning  'terminal' is not defined                    no-undef
  1068:25  warning  'canvas' is not defined                      no-undef
  1077:21  warning  'canvas' is not defined                      no-undef
  1078:21  warning  'canvas' is not defined                      no-undef
  1081:20  warning  'canvas' is not defined                      no-undef
  1083:66  warning  'canvas' is not defined                      no-undef
  1084:13  warning  'canvas' is not defined                      no-undef
  1085:20  warning  'canvas' is not defined                      no-undef
  1087:13  warning  'canvas' is not defined                      no-undef
  1088:13  warning  'canvas' is not defined                      no-undef
  1089:20  warning  'canvas' is not defined                      no-undef
  1090:17  warning  'temp' is already defined                    no-redeclare
  1091:13  warning  'canvas' is not defined                      no-undef
  1092:13  warning  'canvas' is not defined                      no-undef
  1093:20  warning  'canvas' is not defined                      no-undef
  1099:17  warning  'canvas' is not defined                      no-undef
  1100:17  warning  'canvas' is not defined                      no-undef
  1108:20  warning  'canvas' is not defined                      no-undef
  1109:17  warning  'temp' is already defined                    no-redeclare
  1110:13  warning  'canvas' is not defined                      no-undef
  1111:13  warning  'canvas' is not defined                      no-undef
  1112:20  warning  'canvas' is not defined                      no-undef
  1113:13  warning  'canvas' is not defined                      no-undef
  1114:13  warning  'canvas' is not defined                      no-undef
  1115:20  warning  'canvas' is not defined                      no-undef
  1116:13  warning  'canvas' is not defined                      no-undef
  1117:13  warning  'canvas' is not defined                      no-undef
  1119:18  warning  'canvas' is not defined                      no-undef
  1120:13  warning  'canvas' is not defined                      no-undef
  1121:13  warning  'canvas' is not defined                      no-undef
  1124:13  warning  'canvas' is not defined                      no-undef
  1125:17  warning  'canvas' is not defined                      no-undef
  1126:17  warning  'canvas' is not defined                      no-undef
  1127:24  warning  'canvas' is not defined                      no-undef
  1128:17  warning  'canvas' is not defined                      no-undef
  1133:17  warning  'canvas' is not defined                      no-undef
  1134:5   warning  'canvas' is not defined                      no-undef
  1143:21  warning  'canvas' is not defined                      no-undef
  1144:13  warning  'canvas' is not defined                      no-undef
  1145:17  warning  'canvas' is not defined                      no-undef
  1146:17  warning  'canvas' is not defined                      no-undef
  1146:41  warning  'canvas' is not defined                      no-undef
  1147:33  warning  'canvas' is not defined                      no-undef
  1147:64  warning  'canvas' is not defined                      no-undef
  1150:17  warning  'canvas' is not defined                      no-undef
  1151:17  warning  'canvas' is not defined                      no-undef
  1153:20  warning  'canvas' is not defined                      no-undef
  1154:17  warning  'canvas' is not defined                      no-undef
  1155:17  warning  'canvas' is not defined                      no-undef
  1155:41  warning  'canvas' is not defined                      no-undef
  1156:33  warning  'canvas' is not defined                      no-undef
  1156:64  warning  'canvas' is not defined                      no-undef
  1158:24  warning  'canvas' is not defined                      no-undef
  1159:17  warning  'canvas' is not defined                      no-undef
  1159:41  warning  'canvas' is not defined                      no-undef
  1160:33  warning  'canvas' is not defined                      no-undef
  1160:64  warning  'canvas' is not defined                      no-undef
  1162:24  warning  'canvas' is not defined                      no-undef
  1163:17  warning  'canvas' is not defined                      no-undef
  1163:41  warning  'canvas' is not defined                      no-undef
  1164:33  warning  'canvas' is not defined                      no-undef
  1164:64  warning  'canvas' is not defined                      no-undef
  1167:17  warning  'canvas' is not defined                      no-undef
  1168:17  warning  'canvas' is not defined                      no-undef
  1170:17  warning  'canvas' is not defined                      no-undef
  1171:17  warning  'canvas' is not defined                      no-undef
  1171:41  warning  'canvas' is not defined                      no-undef
  1175:17  warning  'canvas' is not defined                      no-undef
  1176:17  warning  'canvas' is not defined                      no-undef
  1178:20  warning  'canvas' is not defined                      no-undef
  1179:17  warning  'canvas' is not defined                      no-undef
  1180:17  warning  'canvas' is not defined                      no-undef
  1180:41  warning  'canvas' is not defined                      no-undef
  1181:33  warning  'canvas' is not defined                      no-undef
  1181:64  warning  'canvas' is not defined                      no-undef
  1183:24  warning  'canvas' is not defined                      no-undef
  1184:17  warning  'canvas' is not defined                      no-undef
  1184:41  warning  'canvas' is not defined                      no-undef
  1185:33  warning  'canvas' is not defined                      no-undef
  1185:64  warning  'canvas' is not defined                      no-undef
  1188:17  warning  'canvas' is not defined                      no-undef
  1189:17  warning  'canvas' is not defined                      no-undef
  1191:17  warning  'canvas' is not defined                      no-undef
  1192:17  warning  'canvas' is not defined                      no-undef
  1192:41  warning  'canvas' is not defined                      no-undef
  1196:17  warning  'canvas' is not defined                      no-undef
  1197:17  warning  'canvas' is not defined                      no-undef
  1199:20  warning  'canvas' is not defined                      no-undef
  1200:17  warning  'canvas' is not defined                      no-undef
  1201:17  warning  'canvas' is not defined                      no-undef
  1201:41  warning  'canvas' is not defined                      no-undef
  1202:33  warning  'canvas' is not defined                      no-undef
  1202:64  warning  'canvas' is not defined                      no-undef
  1204:24  warning  'canvas' is not defined                      no-undef
  1205:17  warning  'canvas' is not defined                      no-undef
  1205:41  warning  'canvas' is not defined                      no-undef
  1206:33  warning  'canvas' is not defined                      no-undef
  1206:64  warning  'canvas' is not defined                      no-undef
  1209:17  warning  'canvas' is not defined                      no-undef
  1210:17  warning  'canvas' is not defined                      no-undef
  1212:17  warning  'canvas' is not defined                      no-undef
  1213:17  warning  'canvas' is not defined                      no-undef
  1213:41  warning  'canvas' is not defined                      no-undef
  1217:17  warning  'canvas' is not defined                      no-undef
  1218:17  warning  'canvas' is not defined                      no-undef
  1220:20  warning  'canvas' is not defined                      no-undef
  1221:17  warning  'canvas' is not defined                      no-undef
  1222:17  warning  'canvas' is not defined                      no-undef
  1222:41  warning  'canvas' is not defined                      no-undef
  1223:33  warning  'canvas' is not defined                      no-undef
  1223:64  warning  'canvas' is not defined                      no-undef
  1225:24  warning  'canvas' is not defined                      no-undef
  1226:17  warning  'canvas' is not defined                      no-undef
  1226:41  warning  'canvas' is not defined                      no-undef
  1227:33  warning  'canvas' is not defined                      no-undef
  1227:64  warning  'canvas' is not defined                      no-undef
  1230:17  warning  'canvas' is not defined                      no-undef
  1231:17  warning  'canvas' is not defined                      no-undef
  1233:17  warning  'canvas' is not defined                      no-undef
  1234:17  warning  'canvas' is not defined                      no-undef
  1234:41  warning  'canvas' is not defined                      no-undef
  1238:17  warning  'canvas' is not defined                      no-undef
  1239:17  warning  'canvas' is not defined                      no-undef
  1241:20  warning  'canvas' is not defined                      no-undef
  1242:17  warning  'canvas' is not defined                      no-undef
  1243:17  warning  'canvas' is not defined                      no-undef
  1243:41  warning  'canvas' is not defined                      no-undef
  1244:33  warning  'canvas' is not defined                      no-undef
  1244:64  warning  'canvas' is not defined                      no-undef
  1246:24  warning  'canvas' is not defined                      no-undef
  1247:17  warning  'canvas' is not defined                      no-undef
  1247:41  warning  'canvas' is not defined                      no-undef
  1248:33  warning  'canvas' is not defined                      no-undef
  1248:64  warning  'canvas' is not defined                      no-undef
  1250:24  warning  'canvas' is not defined                      no-undef
  1251:17  warning  'canvas' is not defined                      no-undef
  1251:41  warning  'canvas' is not defined                      no-undef
  1252:33  warning  'canvas' is not defined                      no-undef
  1252:64  warning  'canvas' is not defined                      no-undef
  1255:17  warning  'canvas' is not defined                      no-undef
  1256:17  warning  'canvas' is not defined                      no-undef
  1258:17  warning  'canvas' is not defined                      no-undef
  1259:17  warning  'canvas' is not defined                      no-undef
  1259:41  warning  'canvas' is not defined                      no-undef
  1263:17  warning  'canvas' is not defined                      no-undef
  1264:17  warning  'canvas' is not defined                      no-undef
  1266:20  warning  'canvas' is not defined                      no-undef
  1267:17  warning  'canvas' is not defined                      no-undef
  1268:17  warning  'canvas' is not defined                      no-undef
  1268:41  warning  'canvas' is not defined                      no-undef
  1269:33  warning  'canvas' is not defined                      no-undef
  1269:64  warning  'canvas' is not defined                      no-undef
  1271:24  warning  'canvas' is not defined                      no-undef
  1272:17  warning  'canvas' is not defined                      no-undef
  1272:41  warning  'canvas' is not defined                      no-undef
  1273:33  warning  'canvas' is not defined                      no-undef
  1273:64  warning  'canvas' is not defined                      no-undef
  1276:17  warning  'canvas' is not defined                      no-undef
  1277:17  warning  'canvas' is not defined                      no-undef
  1279:17  warning  'canvas' is not defined                      no-undef
  1280:17  warning  'canvas' is not defined                      no-undef
  1280:41  warning  'canvas' is not defined                      no-undef
  1284:17  warning  'canvas' is not defined                      no-undef
  1285:17  warning  'canvas' is not defined                      no-undef
  1287:20  warning  'canvas' is not defined                      no-undef
  1288:17  warning  'canvas' is not defined                      no-undef
  1289:17  warning  'canvas' is not defined                      no-undef
  1289:41  warning  'canvas' is not defined                      no-undef
  1290:33  warning  'canvas' is not defined                      no-undef
  1290:64  warning  'canvas' is not defined                      no-undef
  1292:24  warning  'canvas' is not defined                      no-undef
  1293:17  warning  'canvas' is not defined                      no-undef
  1293:41  warning  'canvas' is not defined                      no-undef
  1294:33  warning  'canvas' is not defined                      no-undef
  1294:64  warning  'canvas' is not defined                      no-undef
  1297:17  warning  'canvas' is not defined                      no-undef
  1298:17  warning  'canvas' is not defined                      no-undef
  1300:17  warning  'canvas' is not defined                      no-undef
  1301:17  warning  'canvas' is not defined                      no-undef
  1301:41  warning  'canvas' is not defined                      no-undef
  1305:17  warning  'canvas' is not defined                      no-undef
  1306:17  warning  'canvas' is not defined                      no-undef
  1320:9   warning  'canvas' is not defined                      no-undef
  1328:5   warning  'canvas' is not defined                      no-undef
  1329:5   warning  'canvas' is not defined                      no-undef
  1330:5   warning  'canvas' is not defined                      no-undef
  1331:5   warning  'canvas' is not defined                      no-undef
  1332:5   warning  'canvas' is not defined                      no-undef

/home/runner/work/exp-energy-band-gap-iitk/exp-energy-band-gap-iitk/experiment/simulation/js/jquery.min.js
  2:71     warning  'module' is not defined                                                    no-undef
  2:86     warning  'module' is not defined                                                    no-undef
  2:5433   warning  Unexpected control character(s) in regular expression: \x1f, \x1f          no-control-regex
  2:5916   warning  Expected a conditional expression and instead saw an assignment            no-cond-assign
  2:6170   warning  Expected a conditional expression and instead saw an assignment            no-cond-assign
  2:6614   warning  Expected a conditional expression and instead saw an assignment            no-cond-assign
  2:7404   warning  Expected a conditional expression and instead saw an assignment            no-cond-assign
  2:9497   warning  Expected a conditional expression and instead saw an assignment            no-cond-assign
  2:9807   warning  Expected a conditional expression and instead saw an assignment            no-cond-assign
  2:11608  warning  Expected a conditional expression and instead saw an assignment            no-cond-assign
  2:12183  warning  Expected a conditional expression and instead saw an assignment            no-cond-assign
  2:12221  warning  Expected a conditional expression and instead saw an assignment            no-cond-assign
  2:13234  warning  Expected a conditional expression and instead saw an assignment            no-cond-assign
  2:13546  warning  Expected a conditional expression and instead saw an assignment            no-cond-assign
  2:15374  warning  Expected a conditional expression and instead saw an assignment            no-cond-assign
  2:15645  warning  Expected a conditional expression and instead saw an assignment            no-cond-assign
  2:15843  warning  Expected a conditional expression and instead saw an assignment            no-cond-assign
  2:16217  warning  Do not access Object.prototype method 'hasOwnProperty' from target object  no-prototype-builtins
  2:16907  warning  Expected a conditional expression and instead saw an assignment            no-cond-assign
  2:18727  warning  Expected a conditional expression and instead saw an assignment            no-cond-assign
  2:18827  warning  Expected a conditional expression and instead saw an assignment            no-cond-assign
  2:18887  warning  Expected a conditional expression and instead saw an assignment            no-cond-assign
  2:19071  warning  Expected a conditional expression and instead saw an assignment            no-cond-assign
  2:20240  warning  Expected a conditional expression and instead saw an assignment            no-cond-assign
  2:21514  warning  Expected a conditional expression and instead saw an assignment            no-cond-assign
  2:21625  warning  Expected a conditional expression and instead saw an assignment            no-cond-assign
  2:23791  warning  Unnecessary escape character: \/                                           no-useless-escape
  2:33395  warning  Empty block statement                                                      no-empty
  2:37269  warning  Unnecessary escape character: \/                                           no-useless-escape
  2:38490  warning  Expected a conditional expression and instead saw an assignment            no-cond-assign
  2:38606  warning  Expected a conditional expression and instead saw an assignment            no-cond-assign
  2:39234  warning  Empty block statement                                                      no-empty
  2:46727  warning  Unnecessary escape character: \/                                           no-useless-escape
  2:49033  warning  Expected a conditional expression and instead saw an assignment            no-cond-assign
  2:50593  warning  Empty block statement                                                      no-empty
  2:58406  warning  Expected a conditional expression and instead saw an assignment            no-cond-assign
  2:59575  warning  Expected a conditional expression and instead saw an assignment            no-cond-assign
  2:65215  warning  Expected a conditional expression and instead saw an assignment            no-cond-assign
  2:66958  warning  Expected a conditional expression and instead saw an assignment            no-cond-assign
  2:67024  warning  Expected a conditional expression and instead saw an assignment            no-cond-assign
  2:67328  warning  Expected a conditional expression and instead saw an assignment            no-cond-assign
  2:67394  warning  Expected a conditional expression and instead saw an assignment            no-cond-assign
  2:67801  warning  Expected a conditional expression and instead saw an assignment            no-cond-assign
  2:68078  warning  Expected a conditional expression and instead saw an assignment            no-cond-assign
  2:73449  warning  Expected a conditional expression and instead saw an assignment            no-cond-assign
  2:75043  warning  Expected a conditional expression and instead saw an assignment            no-cond-assign
  2:75823  warning  'r.href' is assigned to itself                                             no-self-assign
  2:80414  warning  Empty block statement                                                      no-empty
  2:83525  warning  Expected a conditional expression and instead saw an assignment            no-cond-assign
  2:87869  warning  'define' is not defined                                                    no-undef
  2:87881  warning  'define' is not defined                                                    no-undef

/home/runner/work/exp-energy-band-gap-iitk/exp-energy-band-gap-iitk/experiment/simulation/js/popper.min.js
  4:72     warning  'module' is not defined           no-undef
  4:118    warning  'define' is not defined           no-undef
  4:129    warning  'define' is not defined           no-undef
  4:2812   warning  Empty block statement             no-empty
  4:10441  warning  Unnecessary escape character: \-  no-useless-escape
  4:10884  warning  Unnecessary escape character: \-  no-useless-escape
  4:14603  warning  'global' is not defined           no-undef

✖ 599 problems (0 errors, 599 warnings)

