=\pretest.json 
{
  _: [],
  f: [
    'c:\\Users\\Virtual-Labs\\Desktop\\bugs\\exp-energy-band-gap-iitk\\experiment\\pretest.json'
  ],
  files: [
    'c:\\Users\\Virtual-Labs\\Desktop\\bugs\\exp-energy-band-gap-iitk\\experiment\\pretest.json'
  ],
  c: 'assessment',
  contentTypes: 'assessment',
  'content-types': 'assessment',
  '$0': 'validate'
}
Validated true
=\posttest.json 
{
  _: [],
  f: [
    'c:\\Users\\Virtual-Labs\\Desktop\\bugs\\exp-energy-band-gap-iitk\\experiment\\posttest.json'
  ],
  files: [
    'c:\\Users\\Virtual-Labs\\Desktop\\bugs\\exp-energy-band-gap-iitk\\experiment\\posttest.json'
  ],
  c: 'assessment',
  contentTypes: 'assessment',
  'content-types': 'assessment',
  '$0': 'validate'
}
Validated true
